// Jest Snapshot v1, https://goo.gl/fbAQLP

exports[`TESTING Button Component GIVEN a text WHEN the component is rendered THEN it should match the snapshot 1`] = `
<View
  accessibilityState={
    {
      "busy": undefined,
      "checked": undefined,
      "disabled": undefined,
      "expanded": undefined,
      "selected": undefined,
    }
  }
  accessibilityValue={
    {
      "max": undefined,
      "min": undefined,
      "now": undefined,
      "text": undefined,
    }
  }
  accessible={true}
  collapsable={false}
  focusable={false}
  onClick={[Function]}
  onResponderGrant={[Function]}
  onResponderMove={[Function]}
  onResponderRelease={[Function]}
  onResponderTerminate={[Function]}
  onResponderTerminationRequest={[Function]}
  onStartShouldSetResponder={[Function]}
  style={
    {
      "opacity": 1,
    }
  }
>
  <View
    style={
      [
        {
          "alignItems": "center",
          "borderRadius": 100,
          "justifyContent": "center",
          "padding": 16,
        },
        {
          "backgroundColor": "#05141F",
        },
      ]
    }
  >
    <Text
      style={
        [
          {
            "fontFamily": "Open_SansMedium",
            "fontSize": 16,
            "fontWeight": 500,
          },
          {
            "fontWeight": 400,
          },
          [
            {
              "color": "#FFFFFF",
            },
            {
              "fontWeight": "bold",
            },
          ],
        ]
      }
    >
      Save
    </Text>
  </View>
</View>
`;
