// Jest Snapshot v1, https://goo.gl/fbAQLP

exports[`TESTING DatePicker WHEN the component is rendered should match snapshot 1`] = `
<View
  style={
    [
      {
        "flex": 1,
      },
      {
        "borderRadius": 0,
      },
    ]
  }
  testID="date-picker-container"
>
  <View
    style={
      {
        "alignItems": "flex-end",
        "backgroundColor": "#404040",
        "borderTopEndRadius": 8,
        "borderTopStartRadius": 8,
        "display": "flex",
        "flexDirection": "row",
        "justifyContent": "space-between",
        "paddingBottom": 8,
        "paddingHorizontal": 16,
        "paddingTop": 16,
      }
    }
  >
    <View
      accessibilityState={
        {
          "busy": undefined,
          "checked": undefined,
          "disabled": undefined,
          "expanded": undefined,
          "selected": undefined,
        }
      }
      accessible={true}
      focusable={true}
      onClick={[Function]}
      onResponderGrant={[Function]}
      onResponderMove={[Function]}
      onResponderRelease={[Function]}
      onResponderTerminate={[Function]}
      onResponderTerminationRequest={[Function]}
      onStartShouldSetResponder={[Function]}
      style={
        {
          "alignItems": "center",
          "flex": 1,
          "flexDirection": "row",
          "gap": 16,
        }
      }
      testID="date-picker-header-btn"
    >
      <RNSVGSvgView
        align="xMidYMid"
        bbHeight="25"
        bbWidth="26"
        color="#fafafa"
        fill="none"
        focusable={false}
        height="25"
        meetOrSlice={0}
        minX={0}
        minY={0}
        style={
          [
            {
              "backgroundColor": "transparent",
              "borderWidth": 0,
            },
            {
              "flex": 0,
              "height": 25,
              "width": 26,
            },
          ]
        }
        tintColor="#fafafa"
        vbHeight={25}
        vbWidth={26}
        width="26"
      >
        <RNSVGGroup
          fill={null}
          propList={
            [
              "fill",
            ]
          }
        >
          <RNSVGPath
            d="M1.72913 22.6562C1.72913 23.9502 2.77893 25 4.07288 25H21.2604C22.5543 25 23.6041 23.9502 23.6041 22.6562V9.375H1.72913V22.6562ZM17.3541 13.0859C17.3541 12.7637 17.6178 12.5 17.9401 12.5H19.8932C20.2155 12.5 20.4791 12.7637 20.4791 13.0859V15.0391C20.4791 15.3613 20.2155 15.625 19.8932 15.625H17.9401C17.6178 15.625 17.3541 15.3613 17.3541 15.0391V13.0859ZM17.3541 19.3359C17.3541 19.0137 17.6178 18.75 17.9401 18.75H19.8932C20.2155 18.75 20.4791 19.0137 20.4791 19.3359V21.2891C20.4791 21.6113 20.2155 21.875 19.8932 21.875H17.9401C17.6178 21.875 17.3541 21.6113 17.3541 21.2891V19.3359ZM11.1041 13.0859C11.1041 12.7637 11.3678 12.5 11.6901 12.5H13.6432C13.9655 12.5 14.2291 12.7637 14.2291 13.0859V15.0391C14.2291 15.3613 13.9655 15.625 13.6432 15.625H11.6901C11.3678 15.625 11.1041 15.3613 11.1041 15.0391V13.0859ZM11.1041 19.3359C11.1041 19.0137 11.3678 18.75 11.6901 18.75H13.6432C13.9655 18.75 14.2291 19.0137 14.2291 19.3359V21.2891C14.2291 21.6113 13.9655 21.875 13.6432 21.875H11.6901C11.3678 21.875 11.1041 21.6113 11.1041 21.2891V19.3359ZM4.85413 13.0859C4.85413 12.7637 5.1178 12.5 5.44006 12.5H7.39319C7.71545 12.5 7.97913 12.7637 7.97913 13.0859V15.0391C7.97913 15.3613 7.71545 15.625 7.39319 15.625H5.44006C5.1178 15.625 4.85413 15.3613 4.85413 15.0391V13.0859ZM4.85413 19.3359C4.85413 19.0137 5.1178 18.75 5.44006 18.75H7.39319C7.71545 18.75 7.97913 19.0137 7.97913 19.3359V21.2891C7.97913 21.6113 7.71545 21.875 7.39319 21.875H5.44006C5.1178 21.875 4.85413 21.6113 4.85413 21.2891V19.3359ZM21.2604 3.125H18.9166V0.78125C18.9166 0.351562 18.5651 0 18.1354 0H16.5729C16.1432 0 15.7916 0.351562 15.7916 0.78125V3.125H9.54163V0.78125C9.54163 0.351562 9.19006 0 8.76038 0H7.19788C6.76819 0 6.41663 0.351562 6.41663 0.78125V3.125H4.07288C2.77893 3.125 1.72913 4.1748 1.72913 5.46875V7.8125H23.6041V5.46875C23.6041 4.1748 22.5543 3.125 21.2604 3.125Z"
            fill={
              {
                "type": 2,
              }
            }
            propList={
              [
                "fill",
              ]
            }
          />
        </RNSVGGroup>
      </RNSVGSvgView>
      <View
        style={
          {
            "flex": 1,
            "gap": 4,
          }
        }
      >
        <Text
          aria-label="Date"
          style={
            [
              {
                "fontFamily": "RalewayBold",
                "fontSize": 16,
                "fontWeight": 700,
              },
              {
                "color": "#fafafa",
              },
              {
                "fontWeight": 400,
              },
              {
                "color": "#fafafa",
              },
            ]
          }
        >
          Date
        </Text>
        <Text
          style={
            [
              {
                "fontFamily": "RalewayRegular",
                "fontSize": 16,
              },
              {
                "color": "#fafafa",
              },
              {
                "fontWeight": 400,
              },
              {
                "color": "#A3A3A3",
              },
            ]
          }
          testID="date-picker-value"
        >
          Select a date
        </Text>
      </View>
    </View>
  </View>
</View>
`;
